// Jest Snapshot v1, https://goo.gl/fbAQLP

exports[`MenuCard MenuCard renders correctly 1`] = `
<View
  accessible={true}
  focusable={true}
  isTVSelectable={true}
  onClick={[Function]}
  onResponderGrant={[Function]}
  onResponderMove={[Function]}
  onResponderRelease={[Function]}
  onResponderTerminate={[Function]}
  onResponderTerminationRequest={[Function]}
  onStartShouldSetResponder={[Function]}
  style={
    Object {
      "alignItems": "center",
      "borderColor": "white",
      "borderWidth": 1,
      "display": "flex",
      "height": 130,
      "justifyContent": "center",
      "margin": 12,
      "opacity": 1,
      "width": 130,
    }
  }
>
  <Text
    style={
      Object {
        "color": "white",
        "fontSize": 22,
      }
    }
  >
    Title
  </Text>
</View>
`;
